Mon Feb 23 14:32:34 EST 2026  [debug] AvalonLogSystem initialized using logfile 'velocity.log'
Mon Feb 23 14:32:34 EST 2026   [info] ************************************************************** 
Mon Feb 23 14:32:34 EST 2026   [info] Starting Jakarta Velocity v1.4
Mon Feb 23 14:32:34 EST 2026   [info] RuntimeInstance initializing.
Mon Feb 23 14:32:34 EST 2026   [info] Default Properties File: org/apache/velocity/runtime/defaults/velocity.properties
Mon Feb 23 14:32:34 EST 2026   [info] Trying to use logger class org.apache.velocity.runtime.log.AvalonLogSystem
Mon Feb 23 14:32:34 EST 2026   [info] Using logger class org.apache.velocity.runtime.log.AvalonLogSystem
Mon Feb 23 14:32:34 EST 2026   [info] Default ResourceManager initializing. (class org.apache.velocity.runtime.resource.ResourceManagerImpl)
Mon Feb 23 14:32:34 EST 2026   [info] Resource Loader Instantiated: org.apache.velocity.runtime.resource.loader.FileResourceLoader
Mon Feb 23 14:32:34 EST 2026   [info] FileResourceLoader : initialization starting.
Mon Feb 23 14:32:34 EST 2026   [info] FileResourceLoader : adding path '/Users/sguyer/Work/staticbakeoff/benchmarks/roller/metadata/database'
Mon Feb 23 14:32:34 EST 2026   [info] FileResourceLoader : initialization complete.
Mon Feb 23 14:32:34 EST 2026   [info] ResourceCache : initialized. (class org.apache.velocity.runtime.resource.ResourceCacheImpl)
Mon Feb 23 14:32:34 EST 2026   [info] Default ResourceManager initialization complete.
Mon Feb 23 14:32:34 EST 2026   [info] Loaded System Directive: org.apache.velocity.runtime.directive.Literal
Mon Feb 23 14:32:34 EST 2026   [info] Loaded System Directive: org.apache.velocity.runtime.directive.Macro
Mon Feb 23 14:32:34 EST 2026   [info] Loaded System Directive: org.apache.velocity.runtime.directive.Parse
Mon Feb 23 14:32:34 EST 2026   [info] Loaded System Directive: org.apache.velocity.runtime.directive.Include
Mon Feb 23 14:32:34 EST 2026   [info] Loaded System Directive: org.apache.velocity.runtime.directive.Foreach
Mon Feb 23 14:32:34 EST 2026   [info] Created: 20 parsers.
Mon Feb 23 14:32:34 EST 2026   [info] Velocimacro : initialization starting.
Mon Feb 23 14:32:34 EST 2026   [info] Velocimacro : adding VMs from VM library template : VM_global_library.vm
Mon Feb 23 14:32:34 EST 2026  [error] ResourceManager : unable to find resource 'VM_global_library.vm' in any resource loader.
Mon Feb 23 14:32:34 EST 2026   [info] Velocimacro : error using  VM library template VM_global_library.vm : org.apache.velocity.exception.ResourceNotFoundException: Unable to find resource 'VM_global_library.vm'
Mon Feb 23 14:32:34 EST 2026   [info] Velocimacro :  VM library template macro registration complete.
Mon Feb 23 14:32:34 EST 2026   [info] Velocimacro : allowInline = true : VMs can be defined inline in templates
Mon Feb 23 14:32:34 EST 2026   [info] Velocimacro : allowInlineToOverride = false : VMs defined inline may NOT replace previous VM definitions
Mon Feb 23 14:32:34 EST 2026   [info] Velocimacro : allowInlineLocal = false : VMs defined inline will be  global in scope if allowed.
Mon Feb 23 14:32:34 EST 2026   [info] Velocimacro : messages on  : VM system will output logging messages
Mon Feb 23 14:32:34 EST 2026   [info] Velocimacro : autoload off  : VM system will not automatically reload global library macros
Mon Feb 23 14:32:34 EST 2026   [info] Velocimacro : initialization complete.
Mon Feb 23 14:32:34 EST 2026   [info] Velocity successfully started.
Mon Feb 23 14:32:34 EST 2026   [info] Velocimacro : added new VM : #addColumnNull( table column type ) : source = control.vm
Mon Feb 23 14:32:34 EST 2026   [info] Velocimacro : added new VM : #addColumnNotNull( table column type default ) : source = control.vm
Mon Feb 23 14:32:34 EST 2026   [info] ResourceManager : found control.vm with loader org.apache.velocity.runtime.resource.loader.FileResourceLoader
Mon Feb 23 14:32:34 EST 2026   [info] ResourceManager : found createdb.vm with loader org.apache.velocity.runtime.resource.loader.FileResourceLoader
Mon Feb 23 14:32:34 EST 2026   [info] ResourceManager : found 200-to-210-migration.vm with loader org.apache.velocity.runtime.resource.loader.FileResourceLoader
Mon Feb 23 14:32:34 EST 2026   [info] ResourceManager : found 210-to-230-migration.vm with loader org.apache.velocity.runtime.resource.loader.FileResourceLoader
Mon Feb 23 14:32:34 EST 2026   [info] ResourceManager : found 230-to-240-migration.vm with loader org.apache.velocity.runtime.resource.loader.FileResourceLoader
Mon Feb 23 14:32:34 EST 2026   [info] ResourceManager : found 240-to-300-migration.vm with loader org.apache.velocity.runtime.resource.loader.FileResourceLoader
